// Jest Snapshot v1, https://goo.gl/fbAQLP

exports[`ArticleListItem tests renders correctly 1`] = `
<div>
  <li
    class="container"
  >
    <article
      class="article"
    >
      <header
        class="header"
      >
        <img
          class="image"
          src="https://cdn.cnn.com/cnnnext/dam/assets/170321135754-airport-security-line-file-super-169.jpg"
        />
        <h2
          class="title"
        >
          <a
            class="link"
            href="/articlelist/undefined"
          />
        </h2>
      </header>
      <div
        class="wrapper"
      />
      <button
        class="button"
      >
        Show more
      </button>
    </article>
  </li>
</div>
`;
