// Jest Snapshot v1, https://goo.gl/fbAQLP

exports[`ArticleImage tests renders correctly 1`] = `
<div>
  <img
    alt="You can take a pie on a plane"
    class="image"
    src="https://cdn.cnn.com/cnnnext/dam/assets/170321135754-airport-security-line-file-super-169.jpg"
  />
</div>
`;
